Archive member included to satisfy reference by file (symbol)

/home/borkstar/toolchains/gcc-arm-none-eabi-10.3-2021.10-x86_64-linux/gcc-arm-none-eabi-10.3-2021.10/bin/../lib/gcc/arm-none-eabi/10.3.1/../../../../arm-none-eabi/lib/thumb/v7e-m+dp/hard/libc_nano.a(lib_a-errno.o)
                              build/sysmem.o (__errno)
/home/borkstar/toolchains/gcc-arm-none-eabi-10.3-2021.10-x86_64-linux/gcc-arm-none-eabi-10.3-2021.10/bin/../lib/gcc/arm-none-eabi/10.3.1/../../../../arm-none-eabi/lib/thumb/v7e-m+dp/hard/libc_nano.a(lib_a-exit.o)
                              /home/borkstar/toolchains/gcc-arm-none-eabi-10.3-2021.10-x86_64-linux/gcc-arm-none-eabi-10.3-2021.10/bin/../lib/gcc/arm-none-eabi/10.3.1/../../../../arm-none-eabi/lib/thumb/v7e-m+dp/hard/crt0.o (exit)
/home/borkstar/toolchains/gcc-arm-none-eabi-10.3-2021.10-x86_64-linux/gcc-arm-none-eabi-10.3-2021.10/bin/../lib/gcc/arm-none-eabi/10.3.1/../../../../arm-none-eabi/lib/thumb/v7e-m+dp/hard/libc_nano.a(lib_a-impure.o)
                              /home/borkstar/toolchains/gcc-arm-none-eabi-10.3-2021.10-x86_64-linux/gcc-arm-none-eabi-10.3-2021.10/bin/../lib/gcc/arm-none-eabi/10.3.1/../../../../arm-none-eabi/lib/thumb/v7e-m+dp/hard/libc_nano.a(lib_a-exit.o) (_global_impure_ptr)
/home/borkstar/toolchains/gcc-arm-none-eabi-10.3-2021.10-x86_64-linux/gcc-arm-none-eabi-10.3-2021.10/bin/../lib/gcc/arm-none-eabi/10.3.1/../../../../arm-none-eabi/lib/thumb/v7e-m+dp/hard/libc_nano.a(lib_a-init.o)
                              /home/borkstar/toolchains/gcc-arm-none-eabi-10.3-2021.10-x86_64-linux/gcc-arm-none-eabi-10.3-2021.10/bin/../lib/gcc/arm-none-eabi/10.3.1/../../../../arm-none-eabi/lib/thumb/v7e-m+dp/hard/crt0.o (__libc_init_array)
/home/borkstar/toolchains/gcc-arm-none-eabi-10.3-2021.10-x86_64-linux/gcc-arm-none-eabi-10.3-2021.10/bin/../lib/gcc/arm-none-eabi/10.3.1/../../../../arm-none-eabi/lib/thumb/v7e-m+dp/hard/libc_nano.a(lib_a-memset.o)
                              /home/borkstar/toolchains/gcc-arm-none-eabi-10.3-2021.10-x86_64-linux/gcc-arm-none-eabi-10.3-2021.10/bin/../lib/gcc/arm-none-eabi/10.3.1/../../../../arm-none-eabi/lib/thumb/v7e-m+dp/hard/crt0.o (memset)

Discarded input sections

 .text          0x0000000000000000        0x0 /home/borkstar/toolchains/gcc-arm-none-eabi-10.3-2021.10-x86_64-linux/gcc-arm-none-eabi-10.3-2021.10/bin/../lib/gcc/arm-none-eabi/10.3.1/thumb/v7e-m+dp/hard/crti.o
 .data          0x0000000000000000        0x0 /home/borkstar/toolchains/gcc-arm-none-eabi-10.3-2021.10-x86_64-linux/gcc-arm-none-eabi-10.3-2021.10/bin/../lib/gcc/arm-none-eabi/10.3.1/thumb/v7e-m+dp/hard/crti.o
 .bss           0x0000000000000000        0x0 /home/borkstar/toolchains/gcc-arm-none-eabi-10.3-2021.10-x86_64-linux/gcc-arm-none-eabi-10.3-2021.10/bin/../lib/gcc/arm-none-eabi/10.3.1/thumb/v7e-m+dp/hard/crti.o
 .text          0x0000000000000000       0x40 /home/borkstar/toolchains/gcc-arm-none-eabi-10.3-2021.10-x86_64-linux/gcc-arm-none-eabi-10.3-2021.10/bin/../lib/gcc/arm-none-eabi/10.3.1/thumb/v7e-m+dp/hard/crtbegin.o
 .data          0x0000000000000000        0x4 /home/borkstar/toolchains/gcc-arm-none-eabi-10.3-2021.10-x86_64-linux/gcc-arm-none-eabi-10.3-2021.10/bin/../lib/gcc/arm-none-eabi/10.3.1/thumb/v7e-m+dp/hard/crtbegin.o
 .bss           0x0000000000000000       0x1c /home/borkstar/toolchains/gcc-arm-none-eabi-10.3-2021.10-x86_64-linux/gcc-arm-none-eabi-10.3-2021.10/bin/../lib/gcc/arm-none-eabi/10.3.1/thumb/v7e-m+dp/hard/crtbegin.o
 .rodata        0x0000000000000000       0x24 /home/borkstar/toolchains/gcc-arm-none-eabi-10.3-2021.10-x86_64-linux/gcc-arm-none-eabi-10.3-2021.10/bin/../lib/gcc/arm-none-eabi/10.3.1/thumb/v7e-m+dp/hard/crtbegin.o
 .init_array    0x0000000000000000        0x4 /home/borkstar/toolchains/gcc-arm-none-eabi-10.3-2021.10-x86_64-linux/gcc-arm-none-eabi-10.3-2021.10/bin/../lib/gcc/arm-none-eabi/10.3.1/thumb/v7e-m+dp/hard/crtbegin.o
 .fini_array    0x0000000000000000        0x4 /home/borkstar/toolchains/gcc-arm-none-eabi-10.3-2021.10-x86_64-linux/gcc-arm-none-eabi-10.3-2021.10/bin/../lib/gcc/arm-none-eabi/10.3.1/thumb/v7e-m+dp/hard/crtbegin.o
 .eh_frame      0x0000000000000000        0x0 /home/borkstar/toolchains/gcc-arm-none-eabi-10.3-2021.10-x86_64-linux/gcc-arm-none-eabi-10.3-2021.10/bin/../lib/gcc/arm-none-eabi/10.3.1/thumb/v7e-m+dp/hard/crtbegin.o
 .ARM.attributes
                0x0000000000000000       0x32 /home/borkstar/toolchains/gcc-arm-none-eabi-10.3-2021.10-x86_64-linux/gcc-arm-none-eabi-10.3-2021.10/bin/../lib/gcc/arm-none-eabi/10.3.1/thumb/v7e-m+dp/hard/crtbegin.o
 .text          0x0000000000000000       0x7c /home/borkstar/toolchains/gcc-arm-none-eabi-10.3-2021.10-x86_64-linux/gcc-arm-none-eabi-10.3-2021.10/bin/../lib/gcc/arm-none-eabi/10.3.1/../../../../arm-none-eabi/lib/thumb/v7e-m+dp/hard/crt0.o
 .data          0x0000000000000000        0x0 /home/borkstar/toolchains/gcc-arm-none-eabi-10.3-2021.10-x86_64-linux/gcc-arm-none-eabi-10.3-2021.10/bin/../lib/gcc/arm-none-eabi/10.3.1/../../../../arm-none-eabi/lib/thumb/v7e-m+dp/hard/crt0.o
 .bss           0x0000000000000000        0x0 /home/borkstar/toolchains/gcc-arm-none-eabi-10.3-2021.10-x86_64-linux/gcc-arm-none-eabi-10.3-2021.10/bin/../lib/gcc/arm-none-eabi/10.3.1/../../../../arm-none-eabi/lib/thumb/v7e-m+dp/hard/crt0.o
 .ARM.extab     0x0000000000000000        0x0 /home/borkstar/toolchains/gcc-arm-none-eabi-10.3-2021.10-x86_64-linux/gcc-arm-none-eabi-10.3-2021.10/bin/../lib/gcc/arm-none-eabi/10.3.1/../../../../arm-none-eabi/lib/thumb/v7e-m+dp/hard/crt0.o
 .ARM.exidx     0x0000000000000000       0x10 /home/borkstar/toolchains/gcc-arm-none-eabi-10.3-2021.10-x86_64-linux/gcc-arm-none-eabi-10.3-2021.10/bin/../lib/gcc/arm-none-eabi/10.3.1/../../../../arm-none-eabi/lib/thumb/v7e-m+dp/hard/crt0.o
 .ARM.attributes
                0x0000000000000000       0x1c /home/borkstar/toolchains/gcc-arm-none-eabi-10.3-2021.10-x86_64-linux/gcc-arm-none-eabi-10.3-2021.10/bin/../lib/gcc/arm-none-eabi/10.3.1/../../../../arm-none-eabi/lib/thumb/v7e-m+dp/hard/crt0.o
 .text          0x0000000000000000        0x0 build/main.o
 .data          0x0000000000000000        0x0 build/main.o
 .bss           0x0000000000000000        0x0 build/main.o
 .text.Error_Handler
                0x0000000000000000        0x4 build/main.o
 .text          0x0000000000000000        0x0 build/gpio.o
 .data          0x0000000000000000        0x0 build/gpio.o
 .bss           0x0000000000000000        0x0 build/gpio.o
 .text          0x0000000000000000        0x0 build/stm32f7xx_it.o
 .data          0x0000000000000000        0x0 build/stm32f7xx_it.o
 .bss           0x0000000000000000        0x0 build/stm32f7xx_it.o
 .text          0x0000000000000000        0x0 build/stm32f7xx_ll_gpio.o
 .data          0x0000000000000000        0x0 build/stm32f7xx_ll_gpio.o
 .bss           0x0000000000000000        0x0 build/stm32f7xx_ll_gpio.o
 .text.LL_GPIO_DeInit
                0x0000000000000000      0x17c build/stm32f7xx_ll_gpio.o
 .text.LL_GPIO_StructInit
                0x0000000000000000       0x16 build/stm32f7xx_ll_gpio.o
 .text          0x0000000000000000        0x0 build/stm32f7xx_ll_rcc.o
 .data          0x0000000000000000        0x0 build/stm32f7xx_ll_rcc.o
 .bss           0x0000000000000000        0x0 build/stm32f7xx_ll_rcc.o
 .text.LL_RCC_DeInit
                0x0000000000000000       0x98 build/stm32f7xx_ll_rcc.o
 .text.LL_RCC_GetCECClockFreq
                0x0000000000000000       0x30 build/stm32f7xx_ll_rcc.o
 .text.RCC_GetHCLKClockFreq
                0x0000000000000000       0x18 build/stm32f7xx_ll_rcc.o
 .text.RCC_GetPCLK1ClockFreq
                0x0000000000000000       0x18 build/stm32f7xx_ll_rcc.o
 .text.RCC_GetPCLK2ClockFreq
                0x0000000000000000       0x18 build/stm32f7xx_ll_rcc.o
 .text.RCC_PLL_GetFreqDomain_SYS
                0x0000000000000000       0x44 build/stm32f7xx_ll_rcc.o
 .text.RCC_GetSystemClockFreq
                0x0000000000000000       0x2c build/stm32f7xx_ll_rcc.o
 .text.LL_RCC_GetSystemClocksFreq
                0x0000000000000000       0x20 build/stm32f7xx_ll_rcc.o
 .text.LL_RCC_GetUSARTClockFreq
                0x0000000000000000      0x178 build/stm32f7xx_ll_rcc.o
 .text.LL_RCC_GetUARTClockFreq
                0x0000000000000000      0x180 build/stm32f7xx_ll_rcc.o
 .text.LL_RCC_GetI2CClockFreq
                0x0000000000000000      0x120 build/stm32f7xx_ll_rcc.o
 .text.LL_RCC_GetLPTIMClockFreq
                0x0000000000000000       0x6c build/stm32f7xx_ll_rcc.o
 .text.LL_RCC_GetDFSDMClockFreq
                0x0000000000000000       0x28 build/stm32f7xx_ll_rcc.o
 .text.RCC_PLL_GetFreqDomain_48M
                0x0000000000000000       0x40 build/stm32f7xx_ll_rcc.o
 .text.RCC_PLLSAI_GetFreqDomain_SAI
                0x0000000000000000       0x50 build/stm32f7xx_ll_rcc.o
 .text.RCC_PLLSAI_GetFreqDomain_48M
                0x0000000000000000       0x48 build/stm32f7xx_ll_rcc.o
 .text.LL_RCC_GetSDMMCClockFreq
                0x0000000000000000       0x94 build/stm32f7xx_ll_rcc.o
 .text.LL_RCC_GetRNGClockFreq
                0x0000000000000000       0x34 build/stm32f7xx_ll_rcc.o
 .text.LL_RCC_GetUSBClockFreq
                0x0000000000000000       0x34 build/stm32f7xx_ll_rcc.o
 .text.RCC_PLLSAI_GetFreqDomain_LTDC
                0x0000000000000000       0x58 build/stm32f7xx_ll_rcc.o
 .text.LL_RCC_GetLTDCClockFreq
                0x0000000000000000       0x18 build/stm32f7xx_ll_rcc.o
 .text.RCC_PLLI2S_GetFreqDomain_SAI
                0x0000000000000000       0x50 build/stm32f7xx_ll_rcc.o
 .text.LL_RCC_GetSAIClockFreq
                0x0000000000000000      0x11c build/stm32f7xx_ll_rcc.o
 .text.LL_RCC_GetDFSDMAudioClockFreq
                0x0000000000000000       0x24 build/stm32f7xx_ll_rcc.o
 .text.RCC_PLLI2S_GetFreqDomain_SPDIFRX
                0x0000000000000000       0x48 build/stm32f7xx_ll_rcc.o
 .text.LL_RCC_GetSPDIFRXClockFreq
                0x0000000000000000       0x18 build/stm32f7xx_ll_rcc.o
 .text.RCC_PLLI2S_GetFreqDomain_I2S
                0x0000000000000000       0x44 build/stm32f7xx_ll_rcc.o
 .text.LL_RCC_GetI2SClockFreq
                0x0000000000000000       0x34 build/stm32f7xx_ll_rcc.o
 .rodata.aRCC_PLLSAIDIVRPrescTable
                0x0000000000000000        0x4 build/stm32f7xx_ll_rcc.o
 .debug_info    0x0000000000000000     0x1d7c build/stm32f7xx_ll_rcc.o
 .debug_abbrev  0x0000000000000000      0x294 build/stm32f7xx_ll_rcc.o
 .debug_loc     0x0000000000000000     0x13c2 build/stm32f7xx_ll_rcc.o
 .debug_aranges
                0x0000000000000000       0xf8 build/stm32f7xx_ll_rcc.o
 .debug_ranges  0x0000000000000000       0xe8 build/stm32f7xx_ll_rcc.o
 .debug_line    0x0000000000000000     0x161e build/stm32f7xx_ll_rcc.o
 .debug_str     0x0000000000000000      0xbb0 build/stm32f7xx_ll_rcc.o
 .comment       0x0000000000000000       0x4a build/stm32f7xx_ll_rcc.o
 .debug_frame   0x0000000000000000      0x250 build/stm32f7xx_ll_rcc.o
 .ARM.attributes
                0x0000000000000000       0x32 build/stm32f7xx_ll_rcc.o
 .text          0x0000000000000000        0x0 build/stm32f7xx_ll_utils.o
 .data          0x0000000000000000        0x0 build/stm32f7xx_ll_utils.o
 .bss           0x0000000000000000        0x0 build/stm32f7xx_ll_utils.o
 .text.UTILS_GetPLLOutputFrequency
                0x0000000000000000       0x20 build/stm32f7xx_ll_utils.o
 .text.UTILS_PLL_IsBusy
                0x0000000000000000       0x30 build/stm32f7xx_ll_utils.o
 .text.LL_SetFlashLatency
                0x0000000000000000      0x164 build/stm32f7xx_ll_utils.o
 .text.UTILS_EnablePLLAndSwitchSystem
                0x0000000000000000       0xac build/stm32f7xx_ll_utils.o
 .text.LL_PLL_ConfigSystemClock_HSI
                0x0000000000000000       0x64 build/stm32f7xx_ll_utils.o
 .text.LL_PLL_ConfigSystemClock_HSE
                0x0000000000000000       0x84 build/stm32f7xx_ll_utils.o
 .text          0x0000000000000000        0x0 build/stm32f7xx_ll_exti.o
 .data          0x0000000000000000        0x0 build/stm32f7xx_ll_exti.o
 .bss           0x0000000000000000        0x0 build/stm32f7xx_ll_exti.o
 .text.LL_EXTI_DeInit
                0x0000000000000000       0x1c build/stm32f7xx_ll_exti.o
 .text.LL_EXTI_Init
                0x0000000000000000       0xd8 build/stm32f7xx_ll_exti.o
 .text.LL_EXTI_StructInit
                0x0000000000000000        0xe build/stm32f7xx_ll_exti.o
 .debug_info    0x0000000000000000      0x547 build/stm32f7xx_ll_exti.o
 .debug_abbrev  0x0000000000000000      0x1d9 build/stm32f7xx_ll_exti.o
 .debug_loc     0x0000000000000000      0x2eb build/stm32f7xx_ll_exti.o
 .debug_aranges
                0x0000000000000000       0x30 build/stm32f7xx_ll_exti.o
 .debug_ranges  0x0000000000000000       0x50 build/stm32f7xx_ll_exti.o
 .debug_line    0x0000000000000000      0x413 build/stm32f7xx_ll_exti.o
 .debug_str     0x0000000000000000      0x363 build/stm32f7xx_ll_exti.o
 .comment       0x0000000000000000       0x4a build/stm32f7xx_ll_exti.o
 .debug_frame   0x0000000000000000       0x50 build/stm32f7xx_ll_exti.o
 .ARM.attributes
                0x0000000000000000       0x32 build/stm32f7xx_ll_exti.o
 .text          0x0000000000000000        0x0 build/system_stm32f7xx.o
 .data          0x0000000000000000        0x0 build/system_stm32f7xx.o
 .bss           0x0000000000000000        0x0 build/system_stm32f7xx.o
 .text.SystemCoreClockUpdate
                0x0000000000000000       0xa0 build/system_stm32f7xx.o
 .rodata.AHBPrescTable
                0x0000000000000000       0x10 build/system_stm32f7xx.o
 .rodata.APBPrescTable
                0x0000000000000000        0x8 build/system_stm32f7xx.o
 .text          0x0000000000000000        0x0 build/sysmem.o
 .data          0x0000000000000000        0x0 build/sysmem.o
 .bss           0x0000000000000000        0x0 build/sysmem.o
 .text._sbrk    0x0000000000000000       0x48 build/sysmem.o
 .bss.__sbrk_heap_end
                0x0000000000000000        0x4 build/sysmem.o
 .debug_info    0x0000000000000000      0x185 build/sysmem.o
 .debug_abbrev  0x0000000000000000       0xea build/sysmem.o
 .debug_loc     0x0000000000000000       0x84 build/sysmem.o
 .debug_aranges
                0x0000000000000000       0x20 build/sysmem.o
 .debug_ranges  0x0000000000000000       0x10 build/sysmem.o
 .debug_line    0x0000000000000000      0x258 build/sysmem.o
 .debug_str     0x0000000000000000      0x206 build/sysmem.o
 .comment       0x0000000000000000       0x4a build/sysmem.o
 .debug_frame   0x0000000000000000       0x28 build/sysmem.o
 .ARM.attributes
                0x0000000000000000       0x32 build/sysmem.o
 .text          0x0000000000000000        0x0 build/syscalls.o
 .data          0x0000000000000000        0x0 build/syscalls.o
 .bss           0x0000000000000000        0x0 build/syscalls.o
 .text.initialise_monitor_handles
                0x0000000000000000        0x2 build/syscalls.o
 .text._getpid  0x0000000000000000        0x4 build/syscalls.o
 .text._kill    0x0000000000000000       0x10 build/syscalls.o
 .text._exit    0x0000000000000000        0xc build/syscalls.o
 .text._read    0x0000000000000000       0x20 build/syscalls.o
 .text._write   0x0000000000000000       0x1c build/syscalls.o
 .text._close   0x0000000000000000        0x6 build/syscalls.o
 .text._fstat   0x0000000000000000        0xa build/syscalls.o
 .text._isatty  0x0000000000000000        0x4 build/syscalls.o
 .text._lseek   0x0000000000000000        0x4 build/syscalls.o
 .text._open    0x0000000000000000        0xa build/syscalls.o
 .text._wait    0x0000000000000000       0x10 build/syscalls.o
 .text._unlink  0x0000000000000000       0x10 build/syscalls.o
 .text._times   0x0000000000000000        0x6 build/syscalls.o
 .text._stat    0x0000000000000000        0xa build/syscalls.o
 .text._link    0x0000000000000000       0x10 build/syscalls.o
 .text._fork    0x0000000000000000       0x10 build/syscalls.o
 .text._execve  0x0000000000000000       0x10 build/syscalls.o
 .bss.__env     0x0000000000000000        0x4 build/syscalls.o
 .data.environ  0x0000000000000000        0x4 build/syscalls.o
 .debug_info    0x0000000000000000      0x840 build/syscalls.o
 .debug_abbrev  0x0000000000000000      0x1cb build/syscalls.o
 .debug_loc     0x0000000000000000      0x511 build/syscalls.o
 .debug_aranges
                0x0000000000000000       0xa8 build/syscalls.o
 .debug_ranges  0x0000000000000000       0x98 build/syscalls.o
 .debug_line    0x0000000000000000      0x466 build/syscalls.o
 .debug_str     0x0000000000000000      0x3da build/syscalls.o
 .comment       0x0000000000000000       0x4a build/syscalls.o
 .debug_frame   0x0000000000000000      0x190 build/syscalls.o
 .ARM.attributes
                0x0000000000000000       0x32 build/syscalls.o
 .text          0x0000000000000000       0x14 build/startup_stm32f767xx.o
 .data          0x0000000000000000        0x0 build/startup_stm32f767xx.o
 .bss           0x0000000000000000        0x0 build/startup_stm32f767xx.o
 .text          0x0000000000000000        0x0 /home/borkstar/toolchains/gcc-arm-none-eabi-10.3-2021.10-x86_64-linux/gcc-arm-none-eabi-10.3-2021.10/bin/../lib/gcc/arm-none-eabi/10.3.1/../../../../arm-none-eabi/lib/thumb/v7e-m+dp/hard/libc_nano.a(lib_a-errno.o)
 .data          0x0000000000000000        0x0 /home/borkstar/toolchains/gcc-arm-none-eabi-10.3-2021.10-x86_64-linux/gcc-arm-none-eabi-10.3-2021.10/bin/../lib/gcc/arm-none-eabi/10.3.1/../../../../arm-none-eabi/lib/thumb/v7e-m+dp/hard/libc_nano.a(lib_a-errno.o)
 .bss           0x0000000000000000        0x0 /home/borkstar/toolchains/gcc-arm-none-eabi-10.3-2021.10-x86_64-linux/gcc-arm-none-eabi-10.3-2021.10/bin/../lib/gcc/arm-none-eabi/10.3.1/../../../../arm-none-eabi/lib/thumb/v7e-m+dp/hard/libc_nano.a(lib_a-errno.o)
 .text.__errno  0x0000000000000000        0xc /home/borkstar/toolchains/gcc-arm-none-eabi-10.3-2021.10-x86_64-linux/gcc-arm-none-eabi-10.3-2021.10/bin/../lib/gcc/arm-none-eabi/10.3.1/../../../../arm-none-eabi/lib/thumb/v7e-m+dp/hard/libc_nano.a(lib_a-errno.o)
 .debug_frame   0x0000000000000000       0x20 /home/borkstar/toolchains/gcc-arm-none-eabi-10.3-2021.10-x86_64-linux/gcc-arm-none-eabi-10.3-2021.10/bin/../lib/gcc/arm-none-eabi/10.3.1/../../../../arm-none-eabi/lib/thumb/v7e-m+dp/hard/libc_nano.a(lib_a-errno.o)
 .ARM.attributes
                0x0000000000000000       0x32 /home/borkstar/toolchains/gcc-arm-none-eabi-10.3-2021.10-x86_64-linux/gcc-arm-none-eabi-10.3-2021.10/bin/../lib/gcc/arm-none-eabi/10.3.1/../../../../arm-none-eabi/lib/thumb/v7e-m+dp/hard/libc_nano.a(lib_a-errno.o)
 .text          0x0000000000000000        0x0 /home/borkstar/toolchains/gcc-arm-none-eabi-10.3-2021.10-x86_64-linux/gcc-arm-none-eabi-10.3-2021.10/bin/../lib/gcc/arm-none-eabi/10.3.1/../../../../arm-none-eabi/lib/thumb/v7e-m+dp/hard/libc_nano.a(lib_a-exit.o)
 .data          0x0000000000000000        0x0 /home/borkstar/toolchains/gcc-arm-none-eabi-10.3-2021.10-x86_64-linux/gcc-arm-none-eabi-10.3-2021.10/bin/../lib/gcc/arm-none-eabi/10.3.1/../../../../arm-none-eabi/lib/thumb/v7e-m+dp/hard/libc_nano.a(lib_a-exit.o)
 .bss           0x0000000000000000        0x0 /home/borkstar/toolchains/gcc-arm-none-eabi-10.3-2021.10-x86_64-linux/gcc-arm-none-eabi-10.3-2021.10/bin/../lib/gcc/arm-none-eabi/10.3.1/../../../../arm-none-eabi/lib/thumb/v7e-m+dp/hard/libc_nano.a(lib_a-exit.o)
 .text.exit     0x0000000000000000       0x28 /home/borkstar/toolchains/gcc-arm-none-eabi-10.3-2021.10-x86_64-linux/gcc-arm-none-eabi-10.3-2021.10/bin/../lib/gcc/arm-none-eabi/10.3.1/../../../../arm-none-eabi/lib/thumb/v7e-m+dp/hard/libc_nano.a(lib_a-exit.o)
 .debug_frame   0x0000000000000000       0x28 /home/borkstar/toolchains/gcc-arm-none-eabi-10.3-2021.10-x86_64-linux/gcc-arm-none-eabi-10.3-2021.10/bin/../lib/gcc/arm-none-eabi/10.3.1/../../../../arm-none-eabi/lib/thumb/v7e-m+dp/hard/libc_nano.a(lib_a-exit.o)
 .ARM.attributes
                0x0000000000000000       0x32 /home/borkstar/toolchains/gcc-arm-none-eabi-10.3-2021.10-x86_64-linux/gcc-arm-none-eabi-10.3-2021.10/bin/../lib/gcc/arm-none-eabi/10.3.1/../../../../arm-none-eabi/lib/thumb/v7e-m+dp/hard/libc_nano.a(lib_a-exit.o)
 .text          0x0000000000000000        0x0 /home/borkstar/toolchains/gcc-arm-none-eabi-10.3-2021.10-x86_64-linux/gcc-arm-none-eabi-10.3-2021.10/bin/../lib/gcc/arm-none-eabi/10.3.1/../../../../arm-none-eabi/lib/thumb/v7e-m+dp/hard/libc_nano.a(lib_a-impure.o)
 .data          0x0000000000000000        0x0 /home/borkstar/toolchains/gcc-arm-none-eabi-10.3-2021.10-x86_64-linux/gcc-arm-none-eabi-10.3-2021.10/bin/../lib/gcc/arm-none-eabi/10.3.1/../../../../arm-none-eabi/lib/thumb/v7e-m+dp/hard/libc_nano.a(lib_a-impure.o)
 .bss           0x0000000000000000        0x0 /home/borkstar/toolchains/gcc-arm-none-eabi-10.3-2021.10-x86_64-linux/gcc-arm-none-eabi-10.3-2021.10/bin/../lib/gcc/arm-none-eabi/10.3.1/../../../../arm-none-eabi/lib/thumb/v7e-m+dp/hard/libc_nano.a(lib_a-impure.o)
 .data._impure_ptr
                0x0000000000000000        0x4 /home/borkstar/toolchains/gcc-arm-none-eabi-10.3-2021.10-x86_64-linux/gcc-arm-none-eabi-10.3-2021.10/bin/../lib/gcc/arm-none-eabi/10.3.1/../../../../arm-none-eabi/lib/thumb/v7e-m+dp/hard/libc_nano.a(lib_a-impure.o)
 .data.impure_data
                0x0000000000000000       0x60 /home/borkstar/toolchains/gcc-arm-none-eabi-10.3-2021.10-x86_64-linux/gcc-arm-none-eabi-10.3-2021.10/bin/../lib/gcc/arm-none-eabi/10.3.1/../../../../arm-none-eabi/lib/thumb/v7e-m+dp/hard/libc_nano.a(lib_a-impure.o)
 .rodata._global_impure_ptr
                0x0000000000000000        0x4 /home/borkstar/toolchains/gcc-arm-none-eabi-10.3-2021.10-x86_64-linux/gcc-arm-none-eabi-10.3-2021.10/bin/../lib/gcc/arm-none-eabi/10.3.1/../../../../arm-none-eabi/lib/thumb/v7e-m+dp/hard/libc_nano.a(lib_a-impure.o)
 .ARM.attributes
                0x0000000000000000       0x32 /home/borkstar/toolchains/gcc-arm-none-eabi-10.3-2021.10-x86_64-linux/gcc-arm-none-eabi-10.3-2021.10/bin/../lib/gcc/arm-none-eabi/10.3.1/../../../../arm-none-eabi/lib/thumb/v7e-m+dp/hard/libc_nano.a(lib_a-impure.o)
 .text          0x0000000000000000        0x0 /home/borkstar/toolchains/gcc-arm-none-eabi-10.3-2021.10-x86_64-linux/gcc-arm-none-eabi-10.3-2021.10/bin/../lib/gcc/arm-none-eabi/10.3.1/../../../../arm-none-eabi/lib/thumb/v7e-m+dp/hard/libc_nano.a(lib_a-init.o)
 .data          0x0000000000000000        0x0 /home/borkstar/toolchains/gcc-arm-none-eabi-10.3-2021.10-x86_64-linux/gcc-arm-none-eabi-10.3-2021.10/bin/../lib/gcc/arm-none-eabi/10.3.1/../../../../arm-none-eabi/lib/thumb/v7e-m+dp/hard/libc_nano.a(lib_a-init.o)
 .bss           0x0000000000000000        0x0 /home/borkstar/toolchains/gcc-arm-none-eabi-10.3-2021.10-x86_64-linux/gcc-arm-none-eabi-10.3-2021.10/bin/../lib/gcc/arm-none-eabi/10.3.1/../../../../arm-none-eabi/lib/thumb/v7e-m+dp/hard/libc_nano.a(lib_a-init.o)
 .text          0x0000000000000000        0x0 /home/borkstar/toolchains/gcc-arm-none-eabi-10.3-2021.10-x86_64-linux/gcc-arm-none-eabi-10.3-2021.10/bin/../lib/gcc/arm-none-eabi/10.3.1/../../../../arm-none-eabi/lib/thumb/v7e-m+dp/hard/libc_nano.a(lib_a-memset.o)
 .data          0x0000000000000000        0x0 /home/borkstar/toolchains/gcc-arm-none-eabi-10.3-2021.10-x86_64-linux/gcc-arm-none-eabi-10.3-2021.10/bin/../lib/gcc/arm-none-eabi/10.3.1/../../../../arm-none-eabi/lib/thumb/v7e-m+dp/hard/libc_nano.a(lib_a-memset.o)
 .bss           0x0000000000000000        0x0 /home/borkstar/toolchains/gcc-arm-none-eabi-10.3-2021.10-x86_64-linux/gcc-arm-none-eabi-10.3-2021.10/bin/../lib/gcc/arm-none-eabi/10.3.1/../../../../arm-none-eabi/lib/thumb/v7e-m+dp/hard/libc_nano.a(lib_a-memset.o)
 .text.memset   0x0000000000000000       0x10 /home/borkstar/toolchains/gcc-arm-none-eabi-10.3-2021.10-x86_64-linux/gcc-arm-none-eabi-10.3-2021.10/bin/../lib/gcc/arm-none-eabi/10.3.1/../../../../arm-none-eabi/lib/thumb/v7e-m+dp/hard/libc_nano.a(lib_a-memset.o)
 .debug_frame   0x0000000000000000       0x20 /home/borkstar/toolchains/gcc-arm-none-eabi-10.3-2021.10-x86_64-linux/gcc-arm-none-eabi-10.3-2021.10/bin/../lib/gcc/arm-none-eabi/10.3.1/../../../../arm-none-eabi/lib/thumb/v7e-m+dp/hard/libc_nano.a(lib_a-memset.o)
 .ARM.attributes
                0x0000000000000000       0x32 /home/borkstar/toolchains/gcc-arm-none-eabi-10.3-2021.10-x86_64-linux/gcc-arm-none-eabi-10.3-2021.10/bin/../lib/gcc/arm-none-eabi/10.3.1/../../../../arm-none-eabi/lib/thumb/v7e-m+dp/hard/libc_nano.a(lib_a-memset.o)
 .text          0x0000000000000000        0x0 /home/borkstar/toolchains/gcc-arm-none-eabi-10.3-2021.10-x86_64-linux/gcc-arm-none-eabi-10.3-2021.10/bin/../lib/gcc/arm-none-eabi/10.3.1/thumb/v7e-m+dp/hard/crtend.o
 .data          0x0000000000000000        0x0 /home/borkstar/toolchains/gcc-arm-none-eabi-10.3-2021.10-x86_64-linux/gcc-arm-none-eabi-10.3-2021.10/bin/../lib/gcc/arm-none-eabi/10.3.1/thumb/v7e-m+dp/hard/crtend.o
 .bss           0x0000000000000000        0x0 /home/borkstar/toolchains/gcc-arm-none-eabi-10.3-2021.10-x86_64-linux/gcc-arm-none-eabi-10.3-2021.10/bin/../lib/gcc/arm-none-eabi/10.3.1/thumb/v7e-m+dp/hard/crtend.o
 .rodata        0x0000000000000000       0x24 /home/borkstar/toolchains/gcc-arm-none-eabi-10.3-2021.10-x86_64-linux/gcc-arm-none-eabi-10.3-2021.10/bin/../lib/gcc/arm-none-eabi/10.3.1/thumb/v7e-m+dp/hard/crtend.o
 .eh_frame      0x0000000000000000        0x4 /home/borkstar/toolchains/gcc-arm-none-eabi-10.3-2021.10-x86_64-linux/gcc-arm-none-eabi-10.3-2021.10/bin/../lib/gcc/arm-none-eabi/10.3.1/thumb/v7e-m+dp/hard/crtend.o
 .ARM.attributes
                0x0000000000000000       0x32 /home/borkstar/toolchains/gcc-arm-none-eabi-10.3-2021.10-x86_64-linux/gcc-arm-none-eabi-10.3-2021.10/bin/../lib/gcc/arm-none-eabi/10.3.1/thumb/v7e-m+dp/hard/crtend.o
 .text          0x0000000000000000        0x0 /home/borkstar/toolchains/gcc-arm-none-eabi-10.3-2021.10-x86_64-linux/gcc-arm-none-eabi-10.3-2021.10/bin/../lib/gcc/arm-none-eabi/10.3.1/thumb/v7e-m+dp/hard/crtn.o
 .data          0x0000000000000000        0x0 /home/borkstar/toolchains/gcc-arm-none-eabi-10.3-2021.10-x86_64-linux/gcc-arm-none-eabi-10.3-2021.10/bin/../lib/gcc/arm-none-eabi/10.3.1/thumb/v7e-m+dp/hard/crtn.o
 .bss           0x0000000000000000        0x0 /home/borkstar/toolchains/gcc-arm-none-eabi-10.3-2021.10-x86_64-linux/gcc-arm-none-eabi-10.3-2021.10/bin/../lib/gcc/arm-none-eabi/10.3.1/thumb/v7e-m+dp/hard/crtn.o

Memory Configuration

Name             Origin             Length             Attributes
RAM              0x0000000020000000 0x0000000000080000 xrw
FLASH            0x0000000008000000 0x0000000000200000 xr
*default*        0x0000000000000000 0xffffffffffffffff

Linker script and memory map

LOAD /home/borkstar/toolchains/gcc-arm-none-eabi-10.3-2021.10-x86_64-linux/gcc-arm-none-eabi-10.3-2021.10/bin/../lib/gcc/arm-none-eabi/10.3.1/thumb/v7e-m+dp/hard/crti.o
LOAD /home/borkstar/toolchains/gcc-arm-none-eabi-10.3-2021.10-x86_64-linux/gcc-arm-none-eabi-10.3-2021.10/bin/../lib/gcc/arm-none-eabi/10.3.1/thumb/v7e-m+dp/hard/crtbegin.o
LOAD /home/borkstar/toolchains/gcc-arm-none-eabi-10.3-2021.10-x86_64-linux/gcc-arm-none-eabi-10.3-2021.10/bin/../lib/gcc/arm-none-eabi/10.3.1/../../../../arm-none-eabi/lib/thumb/v7e-m+dp/hard/crt0.o
LOAD build/main.o
LOAD build/gpio.o
LOAD build/stm32f7xx_it.o
LOAD build/stm32f7xx_ll_gpio.o
LOAD build/stm32f7xx_ll_rcc.o
LOAD build/stm32f7xx_ll_utils.o
LOAD build/stm32f7xx_ll_exti.o
LOAD build/system_stm32f7xx.o
LOAD build/sysmem.o
LOAD build/syscalls.o
LOAD build/startup_stm32f767xx.o
LOAD /home/borkstar/toolchains/gcc-arm-none-eabi-10.3-2021.10-x86_64-linux/gcc-arm-none-eabi-10.3-2021.10/bin/../lib/gcc/arm-none-eabi/10.3.1/../../../../arm-none-eabi/lib/thumb/v7e-m+dp/hard/libc_nano.a
LOAD /home/borkstar/toolchains/gcc-arm-none-eabi-10.3-2021.10-x86_64-linux/gcc-arm-none-eabi-10.3-2021.10/bin/../lib/gcc/arm-none-eabi/10.3.1/../../../../arm-none-eabi/lib/thumb/v7e-m+dp/hard/libm.a
LOAD /home/borkstar/toolchains/gcc-arm-none-eabi-10.3-2021.10-x86_64-linux/gcc-arm-none-eabi-10.3-2021.10/bin/../lib/gcc/arm-none-eabi/10.3.1/../../../../arm-none-eabi/lib/thumb/v7e-m+dp/hard/libnosys.a
START GROUP
LOAD /home/borkstar/toolchains/gcc-arm-none-eabi-10.3-2021.10-x86_64-linux/gcc-arm-none-eabi-10.3-2021.10/bin/../lib/gcc/arm-none-eabi/10.3.1/thumb/v7e-m+dp/hard/libgcc.a
LOAD /home/borkstar/toolchains/gcc-arm-none-eabi-10.3-2021.10-x86_64-linux/gcc-arm-none-eabi-10.3-2021.10/bin/../lib/gcc/arm-none-eabi/10.3.1/../../../../arm-none-eabi/lib/thumb/v7e-m+dp/hard/libc_nano.a
END GROUP
START GROUP
LOAD /home/borkstar/toolchains/gcc-arm-none-eabi-10.3-2021.10-x86_64-linux/gcc-arm-none-eabi-10.3-2021.10/bin/../lib/gcc/arm-none-eabi/10.3.1/thumb/v7e-m+dp/hard/libgcc.a
LOAD /home/borkstar/toolchains/gcc-arm-none-eabi-10.3-2021.10-x86_64-linux/gcc-arm-none-eabi-10.3-2021.10/bin/../lib/gcc/arm-none-eabi/10.3.1/../../../../arm-none-eabi/lib/thumb/v7e-m+dp/hard/libc_nano.a
END GROUP
LOAD /home/borkstar/toolchains/gcc-arm-none-eabi-10.3-2021.10-x86_64-linux/gcc-arm-none-eabi-10.3-2021.10/bin/../lib/gcc/arm-none-eabi/10.3.1/thumb/v7e-m+dp/hard/crtend.o
LOAD /home/borkstar/toolchains/gcc-arm-none-eabi-10.3-2021.10-x86_64-linux/gcc-arm-none-eabi-10.3-2021.10/bin/../lib/gcc/arm-none-eabi/10.3.1/thumb/v7e-m+dp/hard/crtn.o
                0x0000000020080000                _estack = (ORIGIN (RAM) + LENGTH (RAM))
                0x0000000000000200                _Min_Heap_Size = 0x200
                0x0000000000000400                _Min_Stack_Size = 0x400

.isr_vector     0x0000000008000000      0x1f8
                0x0000000008000000                . = ALIGN (0x4)
 *(.isr_vector)
 .isr_vector    0x0000000008000000      0x1f8 build/startup_stm32f767xx.o
                0x0000000008000000                g_pfnVectors
                0x00000000080001f8                . = ALIGN (0x4)

.text           0x00000000080001f8      0x464
                0x00000000080001f8                . = ALIGN (0x4)
 *(.text)
 *(.text*)
 .text.SystemClock_Config
                0x00000000080001f8       0xdc build/main.o
                0x00000000080001f8                SystemClock_Config
 .text.main     0x00000000080002d4       0xa8 build/main.o
                0x00000000080002d4                main
 .text.MX_GPIO_Init
                0x000000000800037c       0x5c build/gpio.o
                0x000000000800037c                MX_GPIO_Init
 .text.NMI_Handler
                0x00000000080003d8        0x2 build/stm32f7xx_it.o
                0x00000000080003d8                NMI_Handler
 .text.HardFault_Handler
                0x00000000080003da        0x2 build/stm32f7xx_it.o
                0x00000000080003da                HardFault_Handler
 .text.MemManage_Handler
                0x00000000080003dc        0x2 build/stm32f7xx_it.o
                0x00000000080003dc                MemManage_Handler
 .text.BusFault_Handler
                0x00000000080003de        0x2 build/stm32f7xx_it.o
                0x00000000080003de                BusFault_Handler
 .text.UsageFault_Handler
                0x00000000080003e0        0x2 build/stm32f7xx_it.o
                0x00000000080003e0                UsageFault_Handler
 .text.SVC_Handler
                0x00000000080003e2        0x2 build/stm32f7xx_it.o
                0x00000000080003e2                SVC_Handler
 .text.DebugMon_Handler
                0x00000000080003e4        0x2 build/stm32f7xx_it.o
                0x00000000080003e4                DebugMon_Handler
 .text.PendSV_Handler
                0x00000000080003e6        0x2 build/stm32f7xx_it.o
                0x00000000080003e6                PendSV_Handler
 .text.SysTick_Handler
                0x00000000080003e8        0x2 build/stm32f7xx_it.o
                0x00000000080003e8                SysTick_Handler
 .text.LL_GPIO_Init
                0x00000000080003ea      0x152 build/stm32f7xx_ll_gpio.o
                0x00000000080003ea                LL_GPIO_Init
 .text.LL_Init1msTick
                0x000000000800053c       0x20 build/stm32f7xx_ll_utils.o
                0x000000000800053c                LL_Init1msTick
 .text.LL_mDelay
                0x000000000800055c       0x2a build/stm32f7xx_ll_utils.o
                0x000000000800055c                LL_mDelay
 *fill*         0x0000000008000586        0x2 
 .text.LL_SetSystemCoreClock
                0x0000000008000588        0xc build/stm32f7xx_ll_utils.o
                0x0000000008000588                LL_SetSystemCoreClock
 .text.SystemInit
                0x0000000008000594       0x14 build/system_stm32f7xx.o
                0x0000000008000594                SystemInit
 .text.Reset_Handler
                0x00000000080005a8       0x50 build/startup_stm32f767xx.o
                0x00000000080005a8                Reset_Handler
 .text.Default_Handler
                0x00000000080005f8        0x2 build/startup_stm32f767xx.o
                0x00000000080005f8                RTC_Alarm_IRQHandler
                0x00000000080005f8                EXTI2_IRQHandler
                0x00000000080005f8                TIM8_CC_IRQHandler
                0x00000000080005f8                UART8_IRQHandler
                0x00000000080005f8                SPI4_IRQHandler
                0x00000000080005f8                TIM1_CC_IRQHandler
                0x00000000080005f8                DMA2_Stream5_IRQHandler
                0x00000000080005f8                JPEG_IRQHandler
                0x00000000080005f8                DMA1_Stream5_IRQHandler
                0x00000000080005f8                CAN3_RX1_IRQHandler
                0x00000000080005f8                PVD_IRQHandler
                0x00000000080005f8                TAMP_STAMP_IRQHandler
                0x00000000080005f8                CAN2_RX1_IRQHandler
                0x00000000080005f8                EXTI3_IRQHandler
                0x00000000080005f8                TIM8_TRG_COM_TIM14_IRQHandler
                0x00000000080005f8                DFSDM1_FLT1_IRQHandler
                0x00000000080005f8                TIM1_UP_TIM10_IRQHandler
                0x00000000080005f8                TIM8_UP_TIM13_IRQHandler
                0x00000000080005f8                I2C3_ER_IRQHandler
                0x00000000080005f8                DFSDM1_FLT2_IRQHandler
                0x00000000080005f8                EXTI0_IRQHandler
                0x00000000080005f8                I2C2_EV_IRQHandler
                0x00000000080005f8                DMA1_Stream2_IRQHandler
                0x00000000080005f8                CAN1_RX0_IRQHandler
                0x00000000080005f8                FPU_IRQHandler
                0x00000000080005f8                OTG_HS_WKUP_IRQHandler
                0x00000000080005f8                CAN3_SCE_IRQHandler
                0x00000000080005f8                LTDC_ER_IRQHandler
                0x00000000080005f8                CAN2_SCE_IRQHandler
                0x00000000080005f8                DMA2_Stream2_IRQHandler
                0x00000000080005f8                SPI1_IRQHandler
                0x00000000080005f8                TIM6_DAC_IRQHandler
                0x00000000080005f8                TIM1_BRK_TIM9_IRQHandler
                0x00000000080005f8                DCMI_IRQHandler
                0x00000000080005f8                CAN2_RX0_IRQHandler
                0x00000000080005f8                DMA2_Stream3_IRQHandler
                0x00000000080005f8                SAI2_IRQHandler
                0x00000000080005f8                DFSDM1_FLT3_IRQHandler
                0x00000000080005f8                USART6_IRQHandler
                0x00000000080005f8                CAN3_RX0_IRQHandler
                0x00000000080005f8                USART3_IRQHandler
                0x00000000080005f8                CAN1_RX1_IRQHandler
                0x00000000080005f8                UART5_IRQHandler
                0x00000000080005f8                DMA2_Stream0_IRQHandler
                0x00000000080005f8                TIM4_IRQHandler
                0x00000000080005f8                QUADSPI_IRQHandler
                0x00000000080005f8                I2C1_EV_IRQHandler
                0x00000000080005f8                DMA1_Stream6_IRQHandler
                0x00000000080005f8                DMA1_Stream1_IRQHandler
                0x00000000080005f8                UART4_IRQHandler
                0x00000000080005f8                TIM3_IRQHandler
                0x00000000080005f8                RCC_IRQHandler
                0x00000000080005f8                TIM8_BRK_TIM12_IRQHandler
                0x00000000080005f8                Default_Handler
                0x00000000080005f8                CEC_IRQHandler
                0x00000000080005f8                EXTI15_10_IRQHandler
                0x00000000080005f8                ADC_IRQHandler
                0x00000000080005f8                DMA1_Stream7_IRQHandler
                0x00000000080005f8                SPI5_IRQHandler
                0x00000000080005f8                TIM7_IRQHandler
                0x00000000080005f8                SDMMC1_IRQHandler
                0x00000000080005f8                CAN2_TX_IRQHandler
                0x00000000080005f8                TIM5_IRQHandler
                0x00000000080005f8                DMA2_Stream7_IRQHandler
                0x00000000080005f8                I2C3_EV_IRQHandler
                0x00000000080005f8                EXTI9_5_IRQHandler
                0x00000000080005f8                RTC_WKUP_IRQHandler
                0x00000000080005f8                LTDC_IRQHandler
                0x00000000080005f8                ETH_WKUP_IRQHandler
                0x00000000080005f8                SPDIF_RX_IRQHandler
                0x00000000080005f8                SPI2_IRQHandler
                0x00000000080005f8                OTG_HS_EP1_IN_IRQHandler
                0x00000000080005f8                DMA1_Stream0_IRQHandler
                0x00000000080005f8                CAN1_TX_IRQHandler
                0x00000000080005f8                EXTI4_IRQHandler
                0x00000000080005f8                RNG_IRQHandler
                0x00000000080005f8                ETH_IRQHandler
                0x00000000080005f8                OTG_HS_EP1_OUT_IRQHandler
                0x00000000080005f8                WWDG_IRQHandler
                0x00000000080005f8                SPI6_IRQHandler
                0x00000000080005f8                MDIOS_IRQHandler
                0x00000000080005f8                I2C4_EV_IRQHandler
                0x00000000080005f8                CAN3_TX_IRQHandler
                0x00000000080005f8                TIM2_IRQHandler
                0x00000000080005f8                OTG_FS_WKUP_IRQHandler
                0x00000000080005f8                TIM1_TRG_COM_TIM11_IRQHandler
                0x00000000080005f8                OTG_HS_IRQHandler
                0x00000000080005f8                DMA2D_IRQHandler
                0x00000000080005f8                EXTI1_IRQHandler
                0x00000000080005f8                SDMMC2_IRQHandler
                0x00000000080005f8                UART7_IRQHandler
                0x00000000080005f8                USART2_IRQHandler
                0x00000000080005f8                DFSDM1_FLT0_IRQHandler
                0x00000000080005f8                I2C2_ER_IRQHandler
                0x00000000080005f8                DMA2_Stream1_IRQHandler
                0x00000000080005f8                CAN1_SCE_IRQHandler
                0x00000000080005f8                FLASH_IRQHandler
                0x00000000080005f8                DMA2_Stream4_IRQHandler
                0x00000000080005f8                USART1_IRQHandler
                0x00000000080005f8                OTG_FS_IRQHandler
                0x00000000080005f8                SPI3_IRQHandler
                0x00000000080005f8                DMA1_Stream4_IRQHandler
                0x00000000080005f8                I2C1_ER_IRQHandler
                0x00000000080005f8                FMC_IRQHandler
                0x00000000080005f8                LPTIM1_IRQHandler
                0x00000000080005f8                I2C4_ER_IRQHandler
                0x00000000080005f8                DMA2_Stream6_IRQHandler
                0x00000000080005f8                SAI1_IRQHandler
                0x00000000080005f8                DMA1_Stream3_IRQHandler
 *fill*         0x00000000080005fa        0x2 
 .text.__libc_init_array
                0x00000000080005fc       0x48 /home/borkstar/toolchains/gcc-arm-none-eabi-10.3-2021.10-x86_64-linux/gcc-arm-none-eabi-10.3-2021.10/bin/../lib/gcc/arm-none-eabi/10.3.1/../../../../arm-none-eabi/lib/thumb/v7e-m+dp/hard/libc_nano.a(lib_a-init.o)
                0x00000000080005fc                __libc_init_array
 *(.glue_7)
 .glue_7        0x0000000008000644        0x0 linker stubs
 *(.glue_7t)
 .glue_7t       0x0000000008000644        0x0 linker stubs
 *(.eh_frame)
 *(.init)
 .init          0x0000000008000644        0x4 /home/borkstar/toolchains/gcc-arm-none-eabi-10.3-2021.10-x86_64-linux/gcc-arm-none-eabi-10.3-2021.10/bin/../lib/gcc/arm-none-eabi/10.3.1/thumb/v7e-m+dp/hard/crti.o
                0x0000000008000644                _init
 .init          0x0000000008000648        0x8 /home/borkstar/toolchains/gcc-arm-none-eabi-10.3-2021.10-x86_64-linux/gcc-arm-none-eabi-10.3-2021.10/bin/../lib/gcc/arm-none-eabi/10.3.1/thumb/v7e-m+dp/hard/crtn.o
 *(.fini)
 .fini          0x0000000008000650        0x4 /home/borkstar/toolchains/gcc-arm-none-eabi-10.3-2021.10-x86_64-linux/gcc-arm-none-eabi-10.3-2021.10/bin/../lib/gcc/arm-none-eabi/10.3.1/thumb/v7e-m+dp/hard/crti.o
                0x0000000008000650                _fini
 .fini          0x0000000008000654        0x8 /home/borkstar/toolchains/gcc-arm-none-eabi-10.3-2021.10-x86_64-linux/gcc-arm-none-eabi-10.3-2021.10/bin/../lib/gcc/arm-none-eabi/10.3.1/thumb/v7e-m+dp/hard/crtn.o
                0x000000000800065c                . = ALIGN (0x4)
                0x000000000800065c                _etext = .

.vfp11_veneer   0x000000000800065c        0x0
 .vfp11_veneer  0x000000000800065c        0x0 linker stubs

.v4_bx          0x000000000800065c        0x0
 .v4_bx         0x000000000800065c        0x0 linker stubs

.iplt           0x000000000800065c        0x0
 .iplt          0x000000000800065c        0x0 build/main.o

.rel.dyn        0x000000000800065c        0x0
 .rel.iplt      0x000000000800065c        0x0 build/main.o

.rodata         0x000000000800065c        0x0
                0x000000000800065c                . = ALIGN (0x4)
 *(.rodata)
 *(.rodata*)
                0x000000000800065c                . = ALIGN (0x4)
                0x000000000800065c                _sidata = LOADADDR (.data)

.data           0x0000000020000000        0x4 load address 0x000000000800065c
                0x0000000020000000                . = ALIGN (0x4)
                0x0000000020000000                _sdata = .
 *(.data)
 *(.data*)
 .data.SystemCoreClock
                0x0000000020000000        0x4 build/system_stm32f7xx.o
                0x0000000020000000                SystemCoreClock
 *(.RamFunc)
 *(.RamFunc*)
                0x0000000020000004                . = ALIGN (0x4)
                0x0000000020000004                _edata = .

.igot.plt       0x0000000020000004        0x0 load address 0x0000000008000660
 .igot.plt      0x0000000020000004        0x0 build/main.o
                0x0000000020000004                . = ALIGN (0x4)

.bss            0x0000000020000004        0x0 load address 0x0000000008000660
                0x0000000020000004                _sbss = .
                0x0000000020000004                __bss_start__ = _sbss
 *(.bss)
 *(.bss*)
 *(COMMON)
                0x0000000020000004                . = ALIGN (0x4)
                0x0000000020000004                _ebss = .
                0x0000000020000004                __bss_end__ = _ebss

._user_heap_stack
                0x0000000020000004      0x604 load address 0x0000000008000660
                0x0000000020000008                . = ALIGN (0x8)
 *fill*         0x0000000020000004        0x4 
                [!provide]                        PROVIDE (end = .)
                0x0000000020000008                PROVIDE (_end = .)
                0x0000000020000208                . = (. + _Min_Heap_Size)
 *fill*         0x0000000020000008      0x200 
                0x0000000020000608                . = (. + _Min_Stack_Size)
 *fill*         0x0000000020000208      0x400 
                0x0000000020000608                . = ALIGN (0x8)

/DISCARD/
 libc.a(*)
 libm.a(*)
 libgcc.a(*)
OUTPUT(build/STM32F7_LED.elf elf32-littlearm)
LOAD linker stubs
LOAD /home/borkstar/toolchains/gcc-arm-none-eabi-10.3-2021.10-x86_64-linux/gcc-arm-none-eabi-10.3-2021.10/bin/../lib/gcc/arm-none-eabi/10.3.1/../../../../arm-none-eabi/lib/thumb/v7e-m+dp/hard/libc.a
LOAD /home/borkstar/toolchains/gcc-arm-none-eabi-10.3-2021.10-x86_64-linux/gcc-arm-none-eabi-10.3-2021.10/bin/../lib/gcc/arm-none-eabi/10.3.1/../../../../arm-none-eabi/lib/thumb/v7e-m+dp/hard/libm.a
LOAD /home/borkstar/toolchains/gcc-arm-none-eabi-10.3-2021.10-x86_64-linux/gcc-arm-none-eabi-10.3-2021.10/bin/../lib/gcc/arm-none-eabi/10.3.1/thumb/v7e-m+dp/hard/libgcc.a

.ARM.attributes
                0x0000000000000000       0x2e
 .ARM.attributes
                0x0000000000000000       0x1e /home/borkstar/toolchains/gcc-arm-none-eabi-10.3-2021.10-x86_64-linux/gcc-arm-none-eabi-10.3-2021.10/bin/../lib/gcc/arm-none-eabi/10.3.1/thumb/v7e-m+dp/hard/crti.o
 .ARM.attributes
                0x000000000000001e       0x32 build/main.o
 .ARM.attributes
                0x0000000000000050       0x32 build/gpio.o
 .ARM.attributes
                0x0000000000000082       0x32 build/stm32f7xx_it.o
 .ARM.attributes
                0x00000000000000b4       0x32 build/stm32f7xx_ll_gpio.o
 .ARM.attributes
                0x00000000000000e6       0x32 build/stm32f7xx_ll_utils.o
 .ARM.attributes
                0x0000000000000118       0x32 build/system_stm32f7xx.o
 .ARM.attributes
                0x000000000000014a       0x21 build/startup_stm32f767xx.o
 .ARM.attributes
                0x000000000000016b       0x32 /home/borkstar/toolchains/gcc-arm-none-eabi-10.3-2021.10-x86_64-linux/gcc-arm-none-eabi-10.3-2021.10/bin/../lib/gcc/arm-none-eabi/10.3.1/../../../../arm-none-eabi/lib/thumb/v7e-m+dp/hard/libc_nano.a(lib_a-init.o)
 .ARM.attributes
                0x000000000000019d       0x1e /home/borkstar/toolchains/gcc-arm-none-eabi-10.3-2021.10-x86_64-linux/gcc-arm-none-eabi-10.3-2021.10/bin/../lib/gcc/arm-none-eabi/10.3.1/thumb/v7e-m+dp/hard/crtn.o

.comment        0x0000000000000000       0x49
 .comment       0x0000000000000000       0x49 build/main.o
                                         0x4a (size before relaxing)
 .comment       0x0000000000000049       0x4a build/gpio.o
 .comment       0x0000000000000049       0x4a build/stm32f7xx_it.o
 .comment       0x0000000000000049       0x4a build/stm32f7xx_ll_gpio.o
 .comment       0x0000000000000049       0x4a build/stm32f7xx_ll_utils.o
 .comment       0x0000000000000049       0x4a build/system_stm32f7xx.o

.debug_info     0x0000000000000000     0x3fe6
 .debug_info    0x0000000000000000     0x14ce build/main.o
 .debug_info    0x00000000000014ce      0x5a2 build/gpio.o
 .debug_info    0x0000000000001a70      0x1a3 build/stm32f7xx_it.o
 .debug_info    0x0000000000001c13      0xdd8 build/stm32f7xx_ll_gpio.o
 .debug_info    0x00000000000029eb      0xdde build/stm32f7xx_ll_utils.o
 .debug_info    0x00000000000037c9      0x7fb build/system_stm32f7xx.o
 .debug_info    0x0000000000003fc4       0x22 build/startup_stm32f767xx.o

.debug_abbrev   0x0000000000000000      0xb49
 .debug_abbrev  0x0000000000000000      0x28f build/main.o
 .debug_abbrev  0x000000000000028f      0x19c build/gpio.o
 .debug_abbrev  0x000000000000042b       0x7f build/stm32f7xx_it.o
 .debug_abbrev  0x00000000000004aa      0x270 build/stm32f7xx_ll_gpio.o
 .debug_abbrev  0x000000000000071a      0x2f3 build/stm32f7xx_ll_utils.o
 .debug_abbrev  0x0000000000000a0d      0x12a build/system_stm32f7xx.o
 .debug_abbrev  0x0000000000000b37       0x12 build/startup_stm32f767xx.o

.debug_loc      0x0000000000000000     0x15d7
 .debug_loc     0x0000000000000000      0x362 build/main.o
 .debug_loc     0x0000000000000362       0x96 build/gpio.o
 .debug_loc     0x00000000000003f8      0x82a build/stm32f7xx_ll_gpio.o
 .debug_loc     0x0000000000000c22      0x8f7 build/stm32f7xx_ll_utils.o
 .debug_loc     0x0000000000001519       0xbe build/system_stm32f7xx.o

.debug_aranges  0x0000000000000000      0x190
 .debug_aranges
                0x0000000000000000       0x30 build/main.o
 .debug_aranges
                0x0000000000000030       0x20 build/gpio.o
 .debug_aranges
                0x0000000000000050       0x60 build/stm32f7xx_it.o
 .debug_aranges
                0x00000000000000b0       0x30 build/stm32f7xx_ll_gpio.o
 .debug_aranges
                0x00000000000000e0       0x60 build/stm32f7xx_ll_utils.o
 .debug_aranges
                0x0000000000000140       0x28 build/system_stm32f7xx.o
 .debug_aranges
                0x0000000000000168       0x28 build/startup_stm32f767xx.o

.debug_ranges   0x0000000000000000      0x248
 .debug_ranges  0x0000000000000000       0x38 build/main.o
 .debug_ranges  0x0000000000000038       0x10 build/gpio.o
 .debug_ranges  0x0000000000000048       0x50 build/stm32f7xx_it.o
 .debug_ranges  0x0000000000000098      0x128 build/stm32f7xx_ll_gpio.o
 .debug_ranges  0x00000000000001c0       0x50 build/stm32f7xx_ll_utils.o
 .debug_ranges  0x0000000000000210       0x18 build/system_stm32f7xx.o
 .debug_ranges  0x0000000000000228       0x20 build/startup_stm32f767xx.o

.debug_line     0x0000000000000000     0x1f73
 .debug_line    0x0000000000000000      0x62a build/main.o
 .debug_line    0x000000000000062a      0x291 build/gpio.o
 .debug_line    0x00000000000008bb      0x2af build/stm32f7xx_it.o
 .debug_line    0x0000000000000b6a      0x80a build/stm32f7xx_ll_gpio.o
 .debug_line    0x0000000000001374      0x8d7 build/stm32f7xx_ll_utils.o
 .debug_line    0x0000000000001c4b      0x2b2 build/system_stm32f7xx.o
 .debug_line    0x0000000000001efd       0x76 build/startup_stm32f767xx.o

.debug_str      0x0000000000000000     0x136a
 .debug_str     0x0000000000000000      0xdbc build/main.o
                                        0xe40 (size before relaxing)
 .debug_str     0x0000000000000dbc       0x64 build/gpio.o
                                        0x3ad (size before relaxing)
 .debug_str     0x0000000000000e20       0xa8 build/stm32f7xx_it.o
                                        0x236 (size before relaxing)
 .debug_str     0x0000000000000ec8      0x148 build/stm32f7xx_ll_gpio.o
                                        0x47b (size before relaxing)
 .debug_str     0x0000000000001010      0x2d0 build/stm32f7xx_ll_utils.o
                                        0x750 (size before relaxing)
 .debug_str     0x00000000000012e0       0x66 build/system_stm32f7xx.o
                                        0x430 (size before relaxing)
 .debug_str     0x0000000000001346       0x24 build/startup_stm32f767xx.o
                                         0x4b (size before relaxing)

.debug_frame    0x0000000000000000      0x2cc
 .debug_frame   0x0000000000000000       0x50 build/main.o
 .debug_frame   0x0000000000000050       0x2c build/gpio.o
 .debug_frame   0x000000000000007c       0xa0 build/stm32f7xx_it.o
 .debug_frame   0x000000000000011c       0x68 build/stm32f7xx_ll_gpio.o
 .debug_frame   0x0000000000000184       0xec build/stm32f7xx_ll_utils.o
 .debug_frame   0x0000000000000270       0x30 build/system_stm32f7xx.o
 .debug_frame   0x00000000000002a0       0x2c /home/borkstar/toolchains/gcc-arm-none-eabi-10.3-2021.10-x86_64-linux/gcc-arm-none-eabi-10.3-2021.10/bin/../lib/gcc/arm-none-eabi/10.3.1/../../../../arm-none-eabi/lib/thumb/v7e-m+dp/hard/libc_nano.a(lib_a-init.o)

Cross Reference Table

Symbol                                            File
ADC_IRQHandler                                    build/startup_stm32f767xx.o
AHBPrescTable                                     build/system_stm32f7xx.o
                                                  build/stm32f7xx_ll_utils.o
                                                  build/stm32f7xx_ll_rcc.o
APBPrescTable                                     build/system_stm32f7xx.o
                                                  build/stm32f7xx_ll_rcc.o
BusFault_Handler                                  build/stm32f7xx_it.o
CAN1_RX0_IRQHandler                               build/startup_stm32f767xx.o
CAN1_RX1_IRQHandler                               build/startup_stm32f767xx.o
CAN1_SCE_IRQHandler                               build/startup_stm32f767xx.o
CAN1_TX_IRQHandler                                build/startup_stm32f767xx.o
CAN2_RX0_IRQHandler                               build/startup_stm32f767xx.o
CAN2_RX1_IRQHandler                               build/startup_stm32f767xx.o
CAN2_SCE_IRQHandler                               build/startup_stm32f767xx.o
CAN2_TX_IRQHandler                                build/startup_stm32f767xx.o
CAN3_RX0_IRQHandler                               build/startup_stm32f767xx.o
CAN3_RX1_IRQHandler                               build/startup_stm32f767xx.o
CAN3_SCE_IRQHandler                               build/startup_stm32f767xx.o
CAN3_TX_IRQHandler                                build/startup_stm32f767xx.o
CEC_IRQHandler                                    build/startup_stm32f767xx.o
DCMI_IRQHandler                                   build/startup_stm32f767xx.o
DFSDM1_FLT0_IRQHandler                            build/startup_stm32f767xx.o
DFSDM1_FLT1_IRQHandler                            build/startup_stm32f767xx.o
DFSDM1_FLT2_IRQHandler                            build/startup_stm32f767xx.o
DFSDM1_FLT3_IRQHandler                            build/startup_stm32f767xx.o
DMA1_Stream0_IRQHandler                           build/startup_stm32f767xx.o
DMA1_Stream1_IRQHandler                           build/startup_stm32f767xx.o
DMA1_Stream2_IRQHandler                           build/startup_stm32f767xx.o
DMA1_Stream3_IRQHandler                           build/startup_stm32f767xx.o
DMA1_Stream4_IRQHandler                           build/startup_stm32f767xx.o
DMA1_Stream5_IRQHandler                           build/startup_stm32f767xx.o
DMA1_Stream6_IRQHandler                           build/startup_stm32f767xx.o
DMA1_Stream7_IRQHandler                           build/startup_stm32f767xx.o
DMA2D_IRQHandler                                  build/startup_stm32f767xx.o
DMA2_Stream0_IRQHandler                           build/startup_stm32f767xx.o
DMA2_Stream1_IRQHandler                           build/startup_stm32f767xx.o
DMA2_Stream2_IRQHandler                           build/startup_stm32f767xx.o
DMA2_Stream3_IRQHandler                           build/startup_stm32f767xx.o
DMA2_Stream4_IRQHandler                           build/startup_stm32f767xx.o
DMA2_Stream5_IRQHandler                           build/startup_stm32f767xx.o
DMA2_Stream6_IRQHandler                           build/startup_stm32f767xx.o
DMA2_Stream7_IRQHandler                           build/startup_stm32f767xx.o
DebugMon_Handler                                  build/stm32f7xx_it.o
Default_Handler                                   build/startup_stm32f767xx.o
ETH_IRQHandler                                    build/startup_stm32f767xx.o
ETH_WKUP_IRQHandler                               build/startup_stm32f767xx.o
EXTI0_IRQHandler                                  build/startup_stm32f767xx.o
EXTI15_10_IRQHandler                              build/startup_stm32f767xx.o
EXTI1_IRQHandler                                  build/startup_stm32f767xx.o
EXTI2_IRQHandler                                  build/startup_stm32f767xx.o
EXTI3_IRQHandler                                  build/startup_stm32f767xx.o
EXTI4_IRQHandler                                  build/startup_stm32f767xx.o
EXTI9_5_IRQHandler                                build/startup_stm32f767xx.o
Error_Handler                                     build/main.o
FLASH_IRQHandler                                  build/startup_stm32f767xx.o
FMC_IRQHandler                                    build/startup_stm32f767xx.o
FPU_IRQHandler                                    build/startup_stm32f767xx.o
HardFault_Handler                                 build/stm32f7xx_it.o
I2C1_ER_IRQHandler                                build/startup_stm32f767xx.o
I2C1_EV_IRQHandler                                build/startup_stm32f767xx.o
I2C2_ER_IRQHandler                                build/startup_stm32f767xx.o
I2C2_EV_IRQHandler                                build/startup_stm32f767xx.o
I2C3_ER_IRQHandler                                build/startup_stm32f767xx.o
I2C3_EV_IRQHandler                                build/startup_stm32f767xx.o
I2C4_ER_IRQHandler                                build/startup_stm32f767xx.o
I2C4_EV_IRQHandler                                build/startup_stm32f767xx.o
JPEG_IRQHandler                                   build/startup_stm32f767xx.o
LL_EXTI_DeInit                                    build/stm32f7xx_ll_exti.o
LL_EXTI_Init                                      build/stm32f7xx_ll_exti.o
LL_EXTI_StructInit                                build/stm32f7xx_ll_exti.o
LL_GPIO_DeInit                                    build/stm32f7xx_ll_gpio.o
LL_GPIO_Init                                      build/stm32f7xx_ll_gpio.o
                                                  build/gpio.o
LL_GPIO_StructInit                                build/stm32f7xx_ll_gpio.o
LL_Init1msTick                                    build/stm32f7xx_ll_utils.o
                                                  build/main.o
LL_PLL_ConfigSystemClock_HSE                      build/stm32f7xx_ll_utils.o
LL_PLL_ConfigSystemClock_HSI                      build/stm32f7xx_ll_utils.o
LL_RCC_DeInit                                     build/stm32f7xx_ll_rcc.o
LL_RCC_GetCECClockFreq                            build/stm32f7xx_ll_rcc.o
LL_RCC_GetDFSDMAudioClockFreq                     build/stm32f7xx_ll_rcc.o
LL_RCC_GetDFSDMClockFreq                          build/stm32f7xx_ll_rcc.o
LL_RCC_GetI2CClockFreq                            build/stm32f7xx_ll_rcc.o
LL_RCC_GetI2SClockFreq                            build/stm32f7xx_ll_rcc.o
LL_RCC_GetLPTIMClockFreq                          build/stm32f7xx_ll_rcc.o
LL_RCC_GetLTDCClockFreq                           build/stm32f7xx_ll_rcc.o
LL_RCC_GetRNGClockFreq                            build/stm32f7xx_ll_rcc.o
LL_RCC_GetSAIClockFreq                            build/stm32f7xx_ll_rcc.o
LL_RCC_GetSDMMCClockFreq                          build/stm32f7xx_ll_rcc.o
LL_RCC_GetSPDIFRXClockFreq                        build/stm32f7xx_ll_rcc.o
LL_RCC_GetSystemClocksFreq                        build/stm32f7xx_ll_rcc.o
LL_RCC_GetUARTClockFreq                           build/stm32f7xx_ll_rcc.o
LL_RCC_GetUSARTClockFreq                          build/stm32f7xx_ll_rcc.o
LL_RCC_GetUSBClockFreq                            build/stm32f7xx_ll_rcc.o
LL_SetFlashLatency                                build/stm32f7xx_ll_utils.o
LL_SetSystemCoreClock                             build/stm32f7xx_ll_utils.o
                                                  build/main.o
LL_mDelay                                         build/stm32f7xx_ll_utils.o
                                                  build/main.o
LPTIM1_IRQHandler                                 build/startup_stm32f767xx.o
LTDC_ER_IRQHandler                                build/startup_stm32f767xx.o
LTDC_IRQHandler                                   build/startup_stm32f767xx.o
MDIOS_IRQHandler                                  build/startup_stm32f767xx.o
MX_GPIO_Init                                      build/gpio.o
                                                  build/main.o
MemManage_Handler                                 build/stm32f7xx_it.o
NMI_Handler                                       build/stm32f7xx_it.o
OTG_FS_IRQHandler                                 build/startup_stm32f767xx.o
OTG_FS_WKUP_IRQHandler                            build/startup_stm32f767xx.o
OTG_HS_EP1_IN_IRQHandler                          build/startup_stm32f767xx.o
OTG_HS_EP1_OUT_IRQHandler                         build/startup_stm32f767xx.o
OTG_HS_IRQHandler                                 build/startup_stm32f767xx.o
OTG_HS_WKUP_IRQHandler                            build/startup_stm32f767xx.o
PVD_IRQHandler                                    build/startup_stm32f767xx.o
PendSV_Handler                                    build/stm32f7xx_it.o
QUADSPI_IRQHandler                                build/startup_stm32f767xx.o
RCC_GetHCLKClockFreq                              build/stm32f7xx_ll_rcc.o
RCC_GetPCLK1ClockFreq                             build/stm32f7xx_ll_rcc.o
RCC_GetPCLK2ClockFreq                             build/stm32f7xx_ll_rcc.o
RCC_GetSystemClockFreq                            build/stm32f7xx_ll_rcc.o
RCC_IRQHandler                                    build/startup_stm32f767xx.o
RCC_PLLI2S_GetFreqDomain_I2S                      build/stm32f7xx_ll_rcc.o
RCC_PLLI2S_GetFreqDomain_SAI                      build/stm32f7xx_ll_rcc.o
RCC_PLLI2S_GetFreqDomain_SPDIFRX                  build/stm32f7xx_ll_rcc.o
RCC_PLLSAI_GetFreqDomain_48M                      build/stm32f7xx_ll_rcc.o
RCC_PLLSAI_GetFreqDomain_LTDC                     build/stm32f7xx_ll_rcc.o
RCC_PLLSAI_GetFreqDomain_SAI                      build/stm32f7xx_ll_rcc.o
RCC_PLL_GetFreqDomain_48M                         build/stm32f7xx_ll_rcc.o
RCC_PLL_GetFreqDomain_SYS                         build/stm32f7xx_ll_rcc.o
RNG_IRQHandler                                    build/startup_stm32f767xx.o
RTC_Alarm_IRQHandler                              build/startup_stm32f767xx.o
RTC_WKUP_IRQHandler                               build/startup_stm32f767xx.o
Reset_Handler                                     build/startup_stm32f767xx.o
SAI1_IRQHandler                                   build/startup_stm32f767xx.o
SAI2_IRQHandler                                   build/startup_stm32f767xx.o
SDMMC1_IRQHandler                                 build/startup_stm32f767xx.o
SDMMC2_IRQHandler                                 build/startup_stm32f767xx.o
SPDIF_RX_IRQHandler                               build/startup_stm32f767xx.o
SPI1_IRQHandler                                   build/startup_stm32f767xx.o
SPI2_IRQHandler                                   build/startup_stm32f767xx.o
SPI3_IRQHandler                                   build/startup_stm32f767xx.o
SPI4_IRQHandler                                   build/startup_stm32f767xx.o
SPI5_IRQHandler                                   build/startup_stm32f767xx.o
SPI6_IRQHandler                                   build/startup_stm32f767xx.o
SVC_Handler                                       build/stm32f7xx_it.o
SysTick_Handler                                   build/stm32f7xx_it.o
SystemClock_Config                                build/main.o
SystemCoreClock                                   build/system_stm32f7xx.o
                                                  build/stm32f7xx_ll_utils.o
SystemCoreClockUpdate                             build/system_stm32f7xx.o
SystemInit                                        build/system_stm32f7xx.o
                                                  build/startup_stm32f767xx.o
TAMP_STAMP_IRQHandler                             build/startup_stm32f767xx.o
TIM1_BRK_TIM9_IRQHandler                          build/startup_stm32f767xx.o
TIM1_CC_IRQHandler                                build/startup_stm32f767xx.o
TIM1_TRG_COM_TIM11_IRQHandler                     build/startup_stm32f767xx.o
TIM1_UP_TIM10_IRQHandler                          build/startup_stm32f767xx.o
TIM2_IRQHandler                                   build/startup_stm32f767xx.o
TIM3_IRQHandler                                   build/startup_stm32f767xx.o
TIM4_IRQHandler                                   build/startup_stm32f767xx.o
TIM5_IRQHandler                                   build/startup_stm32f767xx.o
TIM6_DAC_IRQHandler                               build/startup_stm32f767xx.o
TIM7_IRQHandler                                   build/startup_stm32f767xx.o
TIM8_BRK_TIM12_IRQHandler                         build/startup_stm32f767xx.o
TIM8_CC_IRQHandler                                build/startup_stm32f767xx.o
TIM8_TRG_COM_TIM14_IRQHandler                     build/startup_stm32f767xx.o
TIM8_UP_TIM13_IRQHandler                          build/startup_stm32f767xx.o
UART4_IRQHandler                                  build/startup_stm32f767xx.o
UART5_IRQHandler                                  build/startup_stm32f767xx.o
UART7_IRQHandler                                  build/startup_stm32f767xx.o
UART8_IRQHandler                                  build/startup_stm32f767xx.o
USART1_IRQHandler                                 build/startup_stm32f767xx.o
USART2_IRQHandler                                 build/startup_stm32f767xx.o
USART3_IRQHandler                                 build/startup_stm32f767xx.o
USART6_IRQHandler                                 build/startup_stm32f767xx.o
UsageFault_Handler                                build/stm32f7xx_it.o
WWDG_IRQHandler                                   build/startup_stm32f767xx.o
_Min_Stack_Size                                   build/sysmem.o
__bss_end__                                       /home/borkstar/toolchains/gcc-arm-none-eabi-10.3-2021.10-x86_64-linux/gcc-arm-none-eabi-10.3-2021.10/bin/../lib/gcc/arm-none-eabi/10.3.1/../../../../arm-none-eabi/lib/thumb/v7e-m+dp/hard/crt0.o
__bss_start__                                     /home/borkstar/toolchains/gcc-arm-none-eabi-10.3-2021.10-x86_64-linux/gcc-arm-none-eabi-10.3-2021.10/bin/../lib/gcc/arm-none-eabi/10.3.1/../../../../arm-none-eabi/lib/thumb/v7e-m+dp/hard/crt0.o
__call_exitprocs                                  /home/borkstar/toolchains/gcc-arm-none-eabi-10.3-2021.10-x86_64-linux/gcc-arm-none-eabi-10.3-2021.10/bin/../lib/gcc/arm-none-eabi/10.3.1/../../../../arm-none-eabi/lib/thumb/v7e-m+dp/hard/libc_nano.a(lib_a-exit.o)
__deregister_frame_info                           /home/borkstar/toolchains/gcc-arm-none-eabi-10.3-2021.10-x86_64-linux/gcc-arm-none-eabi-10.3-2021.10/bin/../lib/gcc/arm-none-eabi/10.3.1/thumb/v7e-m+dp/hard/crtbegin.o
__dso_handle                                      /home/borkstar/toolchains/gcc-arm-none-eabi-10.3-2021.10-x86_64-linux/gcc-arm-none-eabi-10.3-2021.10/bin/../lib/gcc/arm-none-eabi/10.3.1/thumb/v7e-m+dp/hard/crtbegin.o
__env                                             build/syscalls.o
__errno                                           /home/borkstar/toolchains/gcc-arm-none-eabi-10.3-2021.10-x86_64-linux/gcc-arm-none-eabi-10.3-2021.10/bin/../lib/gcc/arm-none-eabi/10.3.1/../../../../arm-none-eabi/lib/thumb/v7e-m+dp/hard/libc_nano.a(lib_a-errno.o)
                                                  build/syscalls.o
                                                  build/sysmem.o
__init_array_end                                  /home/borkstar/toolchains/gcc-arm-none-eabi-10.3-2021.10-x86_64-linux/gcc-arm-none-eabi-10.3-2021.10/bin/../lib/gcc/arm-none-eabi/10.3.1/../../../../arm-none-eabi/lib/thumb/v7e-m+dp/hard/libc_nano.a(lib_a-init.o)
__init_array_start                                /home/borkstar/toolchains/gcc-arm-none-eabi-10.3-2021.10-x86_64-linux/gcc-arm-none-eabi-10.3-2021.10/bin/../lib/gcc/arm-none-eabi/10.3.1/../../../../arm-none-eabi/lib/thumb/v7e-m+dp/hard/libc_nano.a(lib_a-init.o)
__io_getchar                                      build/syscalls.o
__io_putchar                                      build/syscalls.o
__libc_fini_array                                 /home/borkstar/toolchains/gcc-arm-none-eabi-10.3-2021.10-x86_64-linux/gcc-arm-none-eabi-10.3-2021.10/bin/../lib/gcc/arm-none-eabi/10.3.1/../../../../arm-none-eabi/lib/thumb/v7e-m+dp/hard/crt0.o
__libc_init_array                                 /home/borkstar/toolchains/gcc-arm-none-eabi-10.3-2021.10-x86_64-linux/gcc-arm-none-eabi-10.3-2021.10/bin/../lib/gcc/arm-none-eabi/10.3.1/../../../../arm-none-eabi/lib/thumb/v7e-m+dp/hard/libc_nano.a(lib_a-init.o)
                                                  build/startup_stm32f767xx.o
                                                  /home/borkstar/toolchains/gcc-arm-none-eabi-10.3-2021.10-x86_64-linux/gcc-arm-none-eabi-10.3-2021.10/bin/../lib/gcc/arm-none-eabi/10.3.1/../../../../arm-none-eabi/lib/thumb/v7e-m+dp/hard/crt0.o
__preinit_array_end                               /home/borkstar/toolchains/gcc-arm-none-eabi-10.3-2021.10-x86_64-linux/gcc-arm-none-eabi-10.3-2021.10/bin/../lib/gcc/arm-none-eabi/10.3.1/../../../../arm-none-eabi/lib/thumb/v7e-m+dp/hard/libc_nano.a(lib_a-init.o)
__preinit_array_start                             /home/borkstar/toolchains/gcc-arm-none-eabi-10.3-2021.10-x86_64-linux/gcc-arm-none-eabi-10.3-2021.10/bin/../lib/gcc/arm-none-eabi/10.3.1/../../../../arm-none-eabi/lib/thumb/v7e-m+dp/hard/libc_nano.a(lib_a-init.o)
__register_frame_info                             /home/borkstar/toolchains/gcc-arm-none-eabi-10.3-2021.10-x86_64-linux/gcc-arm-none-eabi-10.3-2021.10/bin/../lib/gcc/arm-none-eabi/10.3.1/thumb/v7e-m+dp/hard/crtbegin.o
__sf_fake_stderr                                  /home/borkstar/toolchains/gcc-arm-none-eabi-10.3-2021.10-x86_64-linux/gcc-arm-none-eabi-10.3-2021.10/bin/../lib/gcc/arm-none-eabi/10.3.1/../../../../arm-none-eabi/lib/thumb/v7e-m+dp/hard/libc_nano.a(lib_a-impure.o)
__sf_fake_stdin                                   /home/borkstar/toolchains/gcc-arm-none-eabi-10.3-2021.10-x86_64-linux/gcc-arm-none-eabi-10.3-2021.10/bin/../lib/gcc/arm-none-eabi/10.3.1/../../../../arm-none-eabi/lib/thumb/v7e-m+dp/hard/libc_nano.a(lib_a-impure.o)
__sf_fake_stdout                                  /home/borkstar/toolchains/gcc-arm-none-eabi-10.3-2021.10-x86_64-linux/gcc-arm-none-eabi-10.3-2021.10/bin/../lib/gcc/arm-none-eabi/10.3.1/../../../../arm-none-eabi/lib/thumb/v7e-m+dp/hard/libc_nano.a(lib_a-impure.o)
__stack                                           /home/borkstar/toolchains/gcc-arm-none-eabi-10.3-2021.10-x86_64-linux/gcc-arm-none-eabi-10.3-2021.10/bin/../lib/gcc/arm-none-eabi/10.3.1/../../../../arm-none-eabi/lib/thumb/v7e-m+dp/hard/crt0.o
_close                                            build/syscalls.o
_ebss                                             build/startup_stm32f767xx.o
_edata                                            build/startup_stm32f767xx.o
_end                                              build/sysmem.o
_estack                                           build/startup_stm32f767xx.o
                                                  build/sysmem.o
_execve                                           build/syscalls.o
_exit                                             build/syscalls.o
                                                  /home/borkstar/toolchains/gcc-arm-none-eabi-10.3-2021.10-x86_64-linux/gcc-arm-none-eabi-10.3-2021.10/bin/../lib/gcc/arm-none-eabi/10.3.1/../../../../arm-none-eabi/lib/thumb/v7e-m+dp/hard/libc_nano.a(lib_a-exit.o)
_fini                                             /home/borkstar/toolchains/gcc-arm-none-eabi-10.3-2021.10-x86_64-linux/gcc-arm-none-eabi-10.3-2021.10/bin/../lib/gcc/arm-none-eabi/10.3.1/thumb/v7e-m+dp/hard/crti.o
_fork                                             build/syscalls.o
_fstat                                            build/syscalls.o
_getpid                                           build/syscalls.o
_global_impure_ptr                                /home/borkstar/toolchains/gcc-arm-none-eabi-10.3-2021.10-x86_64-linux/gcc-arm-none-eabi-10.3-2021.10/bin/../lib/gcc/arm-none-eabi/10.3.1/../../../../arm-none-eabi/lib/thumb/v7e-m+dp/hard/libc_nano.a(lib_a-impure.o)
                                                  /home/borkstar/toolchains/gcc-arm-none-eabi-10.3-2021.10-x86_64-linux/gcc-arm-none-eabi-10.3-2021.10/bin/../lib/gcc/arm-none-eabi/10.3.1/../../../../arm-none-eabi/lib/thumb/v7e-m+dp/hard/libc_nano.a(lib_a-exit.o)
_impure_ptr                                       /home/borkstar/toolchains/gcc-arm-none-eabi-10.3-2021.10-x86_64-linux/gcc-arm-none-eabi-10.3-2021.10/bin/../lib/gcc/arm-none-eabi/10.3.1/../../../../arm-none-eabi/lib/thumb/v7e-m+dp/hard/libc_nano.a(lib_a-impure.o)
                                                  /home/borkstar/toolchains/gcc-arm-none-eabi-10.3-2021.10-x86_64-linux/gcc-arm-none-eabi-10.3-2021.10/bin/../lib/gcc/arm-none-eabi/10.3.1/../../../../arm-none-eabi/lib/thumb/v7e-m+dp/hard/libc_nano.a(lib_a-errno.o)
_init                                             /home/borkstar/toolchains/gcc-arm-none-eabi-10.3-2021.10-x86_64-linux/gcc-arm-none-eabi-10.3-2021.10/bin/../lib/gcc/arm-none-eabi/10.3.1/thumb/v7e-m+dp/hard/crti.o
                                                  /home/borkstar/toolchains/gcc-arm-none-eabi-10.3-2021.10-x86_64-linux/gcc-arm-none-eabi-10.3-2021.10/bin/../lib/gcc/arm-none-eabi/10.3.1/../../../../arm-none-eabi/lib/thumb/v7e-m+dp/hard/libc_nano.a(lib_a-init.o)
_isatty                                           build/syscalls.o
_kill                                             build/syscalls.o
_link                                             build/syscalls.o
_lseek                                            build/syscalls.o
_mainCRTStartup                                   /home/borkstar/toolchains/gcc-arm-none-eabi-10.3-2021.10-x86_64-linux/gcc-arm-none-eabi-10.3-2021.10/bin/../lib/gcc/arm-none-eabi/10.3.1/../../../../arm-none-eabi/lib/thumb/v7e-m+dp/hard/crt0.o
_open                                             build/syscalls.o
_read                                             build/syscalls.o
_sbrk                                             build/sysmem.o
_sbss                                             build/startup_stm32f767xx.o
_sdata                                            build/startup_stm32f767xx.o
_sidata                                           build/startup_stm32f767xx.o
_stack_init                                       /home/borkstar/toolchains/gcc-arm-none-eabi-10.3-2021.10-x86_64-linux/gcc-arm-none-eabi-10.3-2021.10/bin/../lib/gcc/arm-none-eabi/10.3.1/../../../../arm-none-eabi/lib/thumb/v7e-m+dp/hard/crt0.o
_start                                            /home/borkstar/toolchains/gcc-arm-none-eabi-10.3-2021.10-x86_64-linux/gcc-arm-none-eabi-10.3-2021.10/bin/../lib/gcc/arm-none-eabi/10.3.1/../../../../arm-none-eabi/lib/thumb/v7e-m+dp/hard/crt0.o
_stat                                             build/syscalls.o
_times                                            build/syscalls.o
_unlink                                           build/syscalls.o
_wait                                             build/syscalls.o
_write                                            build/syscalls.o
atexit                                            /home/borkstar/toolchains/gcc-arm-none-eabi-10.3-2021.10-x86_64-linux/gcc-arm-none-eabi-10.3-2021.10/bin/../lib/gcc/arm-none-eabi/10.3.1/../../../../arm-none-eabi/lib/thumb/v7e-m+dp/hard/crt0.o
environ                                           build/syscalls.o
exit                                              /home/borkstar/toolchains/gcc-arm-none-eabi-10.3-2021.10-x86_64-linux/gcc-arm-none-eabi-10.3-2021.10/bin/../lib/gcc/arm-none-eabi/10.3.1/../../../../arm-none-eabi/lib/thumb/v7e-m+dp/hard/libc_nano.a(lib_a-exit.o)
                                                  /home/borkstar/toolchains/gcc-arm-none-eabi-10.3-2021.10-x86_64-linux/gcc-arm-none-eabi-10.3-2021.10/bin/../lib/gcc/arm-none-eabi/10.3.1/../../../../arm-none-eabi/lib/thumb/v7e-m+dp/hard/crt0.o
g_pfnVectors                                      build/startup_stm32f767xx.o
hardware_init_hook                                /home/borkstar/toolchains/gcc-arm-none-eabi-10.3-2021.10-x86_64-linux/gcc-arm-none-eabi-10.3-2021.10/bin/../lib/gcc/arm-none-eabi/10.3.1/../../../../arm-none-eabi/lib/thumb/v7e-m+dp/hard/crt0.o
initialise_monitor_handles                        build/syscalls.o
main                                              build/main.o
                                                  build/startup_stm32f767xx.o
                                                  /home/borkstar/toolchains/gcc-arm-none-eabi-10.3-2021.10-x86_64-linux/gcc-arm-none-eabi-10.3-2021.10/bin/../lib/gcc/arm-none-eabi/10.3.1/../../../../arm-none-eabi/lib/thumb/v7e-m+dp/hard/crt0.o
memset                                            /home/borkstar/toolchains/gcc-arm-none-eabi-10.3-2021.10-x86_64-linux/gcc-arm-none-eabi-10.3-2021.10/bin/../lib/gcc/arm-none-eabi/10.3.1/../../../../arm-none-eabi/lib/thumb/v7e-m+dp/hard/libc_nano.a(lib_a-memset.o)
                                                  /home/borkstar/toolchains/gcc-arm-none-eabi-10.3-2021.10-x86_64-linux/gcc-arm-none-eabi-10.3-2021.10/bin/../lib/gcc/arm-none-eabi/10.3.1/../../../../arm-none-eabi/lib/thumb/v7e-m+dp/hard/crt0.o
software_init_hook                                /home/borkstar/toolchains/gcc-arm-none-eabi-10.3-2021.10-x86_64-linux/gcc-arm-none-eabi-10.3-2021.10/bin/../lib/gcc/arm-none-eabi/10.3.1/../../../../arm-none-eabi/lib/thumb/v7e-m+dp/hard/crt0.o
